<?xml version="1.0" encoding="UTF-8"?>
<TestRun id="e0accf4c-b5f5-4f71-a9c0-8a7f0401ba89" name="amit_h2@TLVAMITH2W7 2013-04-10 20:43:02" runUser="VERIFONE\amit_h2" xmlns="http://microsoft.com/schemas/VisualStudio/TeamTest/2010">
  <TestSettings name="Local" id="fa61efe0-547d-402c-8bd3-8c8c84c47f44">
    <Description>These are default test settings for a local test run.</Description>
    <Deployment enabled="false" runDeploymentRoot="amit_h2_TLVAMITH2W7 2013-04-10 20_43_02">
      <DeploymentItem filename="C:\Projects\Managed Services\Dev\General Prepaid (GPP)\SolutionFolder\AmitHirschPubSub\PubSub\bin\Debug\PubSub.dll" />
    </Deployment>
    <Execution>
      <TestTypeSpecific />
      <AgentRule name="Execution Agents">
      </AgentRule>
    </Execution>
  </TestSettings>
  <Times creation="2013-04-10T20:43:02.2986901+03:00" queuing="2013-04-10T20:43:02.3406943+03:00" start="2013-04-10T20:43:02.3446947+03:00" finish="2013-04-10T20:43:02.5797182+03:00" />
  <ResultSummary outcome="Completed">
    <Counters total="5" executed="5" passed="5" error="0" failed="0" timeout="0" aborted="0" inconclusive="0" passedButRunAborted="0" notRunnable="0" notExecuted="0" disconnected="0" warning="0" completed="0" inProgress="0" pending="0" />
  </ResultSummary>
  <TestDefinitions>
    <UnitTest name="Test_Subscribers_ReadPublishMessages_OnlyOil" storage="c:\projects\managed services\dev\general prepaid (gpp)\solutionfolder\amithirschpubsub\pubsubtests\bin\debug\pubsubtests.dll" id="1ad78af0-a208-d85b-91d4-5185f5de6a02">
      <Execution id="45a54327-ae61-4c5d-8161-3d3b8c547ea9" />
      <TestMethod codeBase="C:/Projects/Managed Services/Dev/General Prepaid (GPP)/SolutionFolder/AmitHirschPubSub/PubSubTests/bin/Debug/PubSubTests.DLL" adapterTypeName="Microsoft.VisualStudio.TestTools.TestTypes.Unit.UnitTestAdapter, Microsoft.VisualStudio.QualityTools.Tips.UnitTest.Adapter, Version=10.0.0.0, Culture=neutral, PublicKeyToken=b03f5f7f11d50a3a" className="PubSubTests.Tests, PubSubTests, Version=1.0.0.0, Culture=neutral, PublicKeyToken=null" name="Test_Subscribers_ReadPublishMessages_OnlyOil" />
    </UnitTest>
    <UnitTest name="Test_Subscribers_With_Topics_Register_Broker_ShouldHave_SubscribersAndTopics" storage="c:\projects\managed services\dev\general prepaid (gpp)\solutionfolder\amithirschpubsub\pubsubtests\bin\debug\pubsubtests.dll" id="f4ad328d-a741-f8e2-789a-34f6cb454100">
      <Execution id="6109fb46-54a6-49b8-bbc9-7b8269b44aaa" />
      <TestMethod codeBase="C:/Projects/Managed Services/Dev/General Prepaid (GPP)/SolutionFolder/AmitHirschPubSub/PubSubTests/bin/Debug/PubSubTests.DLL" adapterTypeName="Microsoft.VisualStudio.TestTools.TestTypes.Unit.UnitTestAdapter, Microsoft.VisualStudio.QualityTools.Tips.UnitTest.Adapter, Version=10.0.0.0, Culture=neutral, PublicKeyToken=b03f5f7f11d50a3a" className="PubSubTests.Tests, PubSubTests, Version=1.0.0.0, Culture=neutral, PublicKeyToken=null" name="Test_Subscribers_With_Topics_Register_Broker_ShouldHave_SubscribersAndTopics" />
    </UnitTest>
    <UnitTest name="Various_Subscribers_With_Topics_Register_Broker_ShouldHave_SubscribersAndTopics" storage="c:\projects\managed services\dev\general prepaid (gpp)\solutionfolder\amithirschpubsub\pubsubtests\bin\debug\pubsubtests.dll" id="edff5d04-1905-e28a-33ad-4c1181ba85b0">
      <Execution id="b21e898a-d280-4000-a629-ff50ab04836e" />
      <TestMethod codeBase="C:/Projects/Managed Services/Dev/General Prepaid (GPP)/SolutionFolder/AmitHirschPubSub/PubSubTests/bin/Debug/PubSubTests.DLL" adapterTypeName="Microsoft.VisualStudio.TestTools.TestTypes.Unit.UnitTestAdapter, Microsoft.VisualStudio.QualityTools.Tips.UnitTest.Adapter, Version=10.0.0.0, Culture=neutral, PublicKeyToken=b03f5f7f11d50a3a" className="PubSubTests.Tests, PubSubTests, Version=1.0.0.0, Culture=neutral, PublicKeyToken=null" name="Various_Subscribers_With_Topics_Register_Broker_ShouldHave_SubscribersAndTopics" />
    </UnitTest>
    <UnitTest name="Subscriber_With_OneTopic_Register_Broker_ShouldHave_SubscriberAndTopic" storage="c:\projects\managed services\dev\general prepaid (gpp)\solutionfolder\amithirschpubsub\pubsubtests\bin\debug\pubsubtests.dll" id="fe11d72b-cd01-6051-ec63-62f28a4cb101">
      <Execution id="530b403b-0ee1-4c9e-a023-c2bb2985a913" />
      <TestMethod codeBase="C:/Projects/Managed Services/Dev/General Prepaid (GPP)/SolutionFolder/AmitHirschPubSub/PubSubTests/bin/Debug/PubSubTests.DLL" adapterTypeName="Microsoft.VisualStudio.TestTools.TestTypes.Unit.UnitTestAdapter, Microsoft.VisualStudio.QualityTools.Tips.UnitTest.Adapter, Version=10.0.0.0, Culture=neutral, PublicKeyToken=b03f5f7f11d50a3a" className="PubSubTests.Tests, PubSubTests, Version=1.0.0.0, Culture=neutral, PublicKeyToken=null" name="Subscriber_With_OneTopic_Register_Broker_ShouldHave_SubscriberAndTopic" />
    </UnitTest>
    <UnitTest name="Subscriber_With_TwoTopic_Register_Broker_ShouldHave_SubscriberAndTopics" storage="c:\projects\managed services\dev\general prepaid (gpp)\solutionfolder\amithirschpubsub\pubsubtests\bin\debug\pubsubtests.dll" id="ae07d948-53f4-3618-4fa4-1ddc8937fc75">
      <Execution id="1665ad0c-796a-4dd2-8a29-4aafb9738009" />
      <TestMethod codeBase="C:/Projects/Managed Services/Dev/General Prepaid (GPP)/SolutionFolder/AmitHirschPubSub/PubSubTests/bin/Debug/PubSubTests.DLL" adapterTypeName="Microsoft.VisualStudio.TestTools.TestTypes.Unit.UnitTestAdapter, Microsoft.VisualStudio.QualityTools.Tips.UnitTest.Adapter, Version=10.0.0.0, Culture=neutral, PublicKeyToken=b03f5f7f11d50a3a" className="PubSubTests.Tests, PubSubTests, Version=1.0.0.0, Culture=neutral, PublicKeyToken=null" name="Subscriber_With_TwoTopic_Register_Broker_ShouldHave_SubscriberAndTopics" />
    </UnitTest>
  </TestDefinitions>
  <TestLists>
    <TestList name="Results Not in a List" id="8c84fa94-04c1-424b-9868-57a2d4851a1d" />
    <TestList name="All Loaded Results" id="19431567-8539-422a-85d7-44ee4e166bda" />
  </TestLists>
  <TestEntries>
    <TestEntry testId="1ad78af0-a208-d85b-91d4-5185f5de6a02" executionId="45a54327-ae61-4c5d-8161-3d3b8c547ea9" testListId="8c84fa94-04c1-424b-9868-57a2d4851a1d" />
    <TestEntry testId="ae07d948-53f4-3618-4fa4-1ddc8937fc75" executionId="1665ad0c-796a-4dd2-8a29-4aafb9738009" testListId="8c84fa94-04c1-424b-9868-57a2d4851a1d" />
    <TestEntry testId="edff5d04-1905-e28a-33ad-4c1181ba85b0" executionId="b21e898a-d280-4000-a629-ff50ab04836e" testListId="8c84fa94-04c1-424b-9868-57a2d4851a1d" />
    <TestEntry testId="f4ad328d-a741-f8e2-789a-34f6cb454100" executionId="6109fb46-54a6-49b8-bbc9-7b8269b44aaa" testListId="8c84fa94-04c1-424b-9868-57a2d4851a1d" />
    <TestEntry testId="fe11d72b-cd01-6051-ec63-62f28a4cb101" executionId="530b403b-0ee1-4c9e-a023-c2bb2985a913" testListId="8c84fa94-04c1-424b-9868-57a2d4851a1d" />
  </TestEntries>
  <Results>
    <UnitTestResult executionId="45a54327-ae61-4c5d-8161-3d3b8c547ea9" testId="1ad78af0-a208-d85b-91d4-5185f5de6a02" testName="Test_Subscribers_ReadPublishMessages_OnlyOil" computerName="TLVAMITH2W7" duration="00:00:00.0201695" startTime="2013-04-10T20:43:02.3476950+03:00" endTime="2013-04-10T20:43:02.5187121+03:00" testType="13cdc9d9-ddb5-4fa4-a97d-d965ccfc6d4b" outcome="Passed" testListId="8c84fa94-04c1-424b-9868-57a2d4851a1d" relativeResultsDirectory="45a54327-ae61-4c5d-8161-3d3b8c547ea9">
      <Output>
        <DebugTrace>Subsbcriber 1 Was Registered to broker 0
Subsbcriber 1 Was Registered to broker 0
Subsbcriber 2 Was Registered to broker 0
Subsbcriber 2 Was Registered to broker 0
Subsbcriber 3 Was Registered to broker 0
Subsbcriber 3 Was Registered to broker 0
</DebugTrace>
      </Output>
    </UnitTestResult>
    <UnitTestResult executionId="1665ad0c-796a-4dd2-8a29-4aafb9738009" testId="ae07d948-53f4-3618-4fa4-1ddc8937fc75" testName="Subscriber_With_TwoTopic_Register_Broker_ShouldHave_SubscriberAndTopics" computerName="TLVAMITH2W7" duration="00:00:00.0008379" startTime="2013-04-10T20:43:02.5357138+03:00" endTime="2013-04-10T20:43:02.5387141+03:00" testType="13cdc9d9-ddb5-4fa4-a97d-d965ccfc6d4b" outcome="Passed" testListId="8c84fa94-04c1-424b-9868-57a2d4851a1d" relativeResultsDirectory="1665ad0c-796a-4dd2-8a29-4aafb9738009">
      <Output>
        <DebugTrace>Subsbcriber 1 Was Registered to broker 0
Subsbcriber 1 Was Registered to broker 0
</DebugTrace>
      </Output>
    </UnitTestResult>
    <UnitTestResult executionId="b21e898a-d280-4000-a629-ff50ab04836e" testId="edff5d04-1905-e28a-33ad-4c1181ba85b0" testName="Various_Subscribers_With_Topics_Register_Broker_ShouldHave_SubscribersAndTopics" computerName="TLVAMITH2W7" duration="00:00:00.0011011" startTime="2013-04-10T20:43:02.5407143+03:00" endTime="2013-04-10T20:43:02.5437146+03:00" testType="13cdc9d9-ddb5-4fa4-a97d-d965ccfc6d4b" outcome="Passed" testListId="8c84fa94-04c1-424b-9868-57a2d4851a1d" relativeResultsDirectory="b21e898a-d280-4000-a629-ff50ab04836e">
      <Output>
        <DebugTrace>Subsbcriber 1 Was Registered to broker 0
Subsbcriber 1 Was Registered to broker 0
Subsbcriber 2 Was Registered to broker 0
Subsbcriber 2 Was Registered to broker 0
Subsbcriber 3 Was Registered to broker 0
Subsbcriber 3 Was Registered to broker 0
</DebugTrace>
      </Output>
    </UnitTestResult>
    <UnitTestResult executionId="6109fb46-54a6-49b8-bbc9-7b8269b44aaa" testId="f4ad328d-a741-f8e2-789a-34f6cb454100" testName="Test_Subscribers_With_Topics_Register_Broker_ShouldHave_SubscribersAndTopics" computerName="TLVAMITH2W7" duration="00:00:00.0011762" startTime="2013-04-10T20:43:02.5457148+03:00" endTime="2013-04-10T20:43:02.5637166+03:00" testType="13cdc9d9-ddb5-4fa4-a97d-d965ccfc6d4b" outcome="Passed" testListId="8c84fa94-04c1-424b-9868-57a2d4851a1d" relativeResultsDirectory="6109fb46-54a6-49b8-bbc9-7b8269b44aaa">
      <Output>
        <DebugTrace>Subsbcriber 1 Was Registered to broker 0
Subsbcriber 1 Was Registered to broker 0
Subsbcriber 2 Was Registered to broker 0
Subsbcriber 2 Was Registered to broker 0
Subsbcriber 3 Was Registered to broker 0
Subsbcriber 3 Was Registered to broker 0
</DebugTrace>
      </Output>
    </UnitTestResult>
    <UnitTestResult executionId="530b403b-0ee1-4c9e-a023-c2bb2985a913" testId="fe11d72b-cd01-6051-ec63-62f28a4cb101" testName="Subscriber_With_OneTopic_Register_Broker_ShouldHave_SubscriberAndTopic" computerName="TLVAMITH2W7" duration="00:00:00.0005220" startTime="2013-04-10T20:43:02.5657168+03:00" endTime="2013-04-10T20:43:02.5677170+03:00" testType="13cdc9d9-ddb5-4fa4-a97d-d965ccfc6d4b" outcome="Passed" testListId="8c84fa94-04c1-424b-9868-57a2d4851a1d" relativeResultsDirectory="530b403b-0ee1-4c9e-a023-c2bb2985a913">
      <Output>
        <DebugTrace>Subsbcriber 1 Was Registered to broker 0
</DebugTrace>
      </Output>
    </UnitTestResult>
  </Results>
</TestRun>