<?xml version="1.0" encoding="UTF-8"?>
<TestRun id="ea0ab33d-d747-49bc-a23f-bfc66f47e386" name="amit_h2@TLVAMITH2W7 2013-04-10 20:46:19" runUser="VERIFONE\amit_h2" xmlns="http://microsoft.com/schemas/VisualStudio/TeamTest/2010">
  <TestSettings name="Local" id="fa61efe0-547d-402c-8bd3-8c8c84c47f44">
    <Description>These are default test settings for a local test run.</Description>
    <Deployment enabled="false" runDeploymentRoot="amit_h2_TLVAMITH2W7 2013-04-10 20_46_19">
      <DeploymentItem filename="C:\Projects\Managed Services\Dev\General Prepaid (GPP)\SolutionFolder\AmitHirschPubSub\PubSub\bin\Debug\PubSub.dll" />
    </Deployment>
    <Execution>
      <TestTypeSpecific />
      <AgentRule name="Execution Agents">
      </AgentRule>
    </Execution>
  </TestSettings>
  <Times creation="2013-04-10T20:46:19.7964379+03:00" queuing="2013-04-10T20:46:20.0324615+03:00" start="2013-04-10T20:46:20.0574640+03:00" finish="2013-04-10T20:46:20.4345017+03:00" />
  <ResultSummary outcome="Completed">
    <Counters total="5" executed="5" passed="5" error="0" failed="0" timeout="0" aborted="0" inconclusive="0" passedButRunAborted="0" notRunnable="0" notExecuted="0" disconnected="0" warning="0" completed="0" inProgress="0" pending="0" />
  </ResultSummary>
  <TestDefinitions>
    <UnitTest name="Test_Subscribers_ReadPublishMessages_OnlyOil" storage="c:\projects\managed services\dev\general prepaid (gpp)\solutionfolder\amithirschpubsub\pubsubtests\bin\debug\pubsubtests.dll" id="1ad78af0-a208-d85b-91d4-5185f5de6a02">
      <Execution id="497fde17-7775-4e39-980c-a1e4fe182101" />
      <TestMethod codeBase="C:/Projects/Managed Services/Dev/General Prepaid (GPP)/SolutionFolder/AmitHirschPubSub/PubSubTests/bin/Debug/PubSubTests.DLL" adapterTypeName="Microsoft.VisualStudio.TestTools.TestTypes.Unit.UnitTestAdapter, Microsoft.VisualStudio.QualityTools.Tips.UnitTest.Adapter, Version=10.0.0.0, Culture=neutral, PublicKeyToken=b03f5f7f11d50a3a" className="PubSubTests.Tests, PubSubTests, Version=1.0.0.0, Culture=neutral, PublicKeyToken=null" name="Test_Subscribers_ReadPublishMessages_OnlyOil" />
    </UnitTest>
    <UnitTest name="Test_Subscribers_With_Topics_Register_Broker_ShouldHave_SubscribersAndTopics" storage="c:\projects\managed services\dev\general prepaid (gpp)\solutionfolder\amithirschpubsub\pubsubtests\bin\debug\pubsubtests.dll" id="f4ad328d-a741-f8e2-789a-34f6cb454100">
      <Execution id="dee31f50-8fba-4ffd-aacb-4f58a7f91e7f" />
      <TestMethod codeBase="C:/Projects/Managed Services/Dev/General Prepaid (GPP)/SolutionFolder/AmitHirschPubSub/PubSubTests/bin/Debug/PubSubTests.DLL" adapterTypeName="Microsoft.VisualStudio.TestTools.TestTypes.Unit.UnitTestAdapter, Microsoft.VisualStudio.QualityTools.Tips.UnitTest.Adapter, Version=10.0.0.0, Culture=neutral, PublicKeyToken=b03f5f7f11d50a3a" className="PubSubTests.Tests, PubSubTests, Version=1.0.0.0, Culture=neutral, PublicKeyToken=null" name="Test_Subscribers_With_Topics_Register_Broker_ShouldHave_SubscribersAndTopics" />
    </UnitTest>
    <UnitTest name="Various_Subscribers_With_Topics_Register_Broker_ShouldHave_SubscribersAndTopics" storage="c:\projects\managed services\dev\general prepaid (gpp)\solutionfolder\amithirschpubsub\pubsubtests\bin\debug\pubsubtests.dll" id="edff5d04-1905-e28a-33ad-4c1181ba85b0">
      <Execution id="7422ad40-b2ae-472d-8b6a-22871e2510b4" />
      <TestMethod codeBase="C:/Projects/Managed Services/Dev/General Prepaid (GPP)/SolutionFolder/AmitHirschPubSub/PubSubTests/bin/Debug/PubSubTests.DLL" adapterTypeName="Microsoft.VisualStudio.TestTools.TestTypes.Unit.UnitTestAdapter, Microsoft.VisualStudio.QualityTools.Tips.UnitTest.Adapter, Version=10.0.0.0, Culture=neutral, PublicKeyToken=b03f5f7f11d50a3a" className="PubSubTests.Tests, PubSubTests, Version=1.0.0.0, Culture=neutral, PublicKeyToken=null" name="Various_Subscribers_With_Topics_Register_Broker_ShouldHave_SubscribersAndTopics" />
    </UnitTest>
    <UnitTest name="Subscriber_With_OneTopic_Register_Broker_ShouldHave_SubscriberAndTopic" storage="c:\projects\managed services\dev\general prepaid (gpp)\solutionfolder\amithirschpubsub\pubsubtests\bin\debug\pubsubtests.dll" id="fe11d72b-cd01-6051-ec63-62f28a4cb101">
      <Execution id="b94e490f-3f4a-4543-872e-e8aa7f8c1d65" />
      <TestMethod codeBase="C:/Projects/Managed Services/Dev/General Prepaid (GPP)/SolutionFolder/AmitHirschPubSub/PubSubTests/bin/Debug/PubSubTests.DLL" adapterTypeName="Microsoft.VisualStudio.TestTools.TestTypes.Unit.UnitTestAdapter, Microsoft.VisualStudio.QualityTools.Tips.UnitTest.Adapter, Version=10.0.0.0, Culture=neutral, PublicKeyToken=b03f5f7f11d50a3a" className="PubSubTests.Tests, PubSubTests, Version=1.0.0.0, Culture=neutral, PublicKeyToken=null" name="Subscriber_With_OneTopic_Register_Broker_ShouldHave_SubscriberAndTopic" />
    </UnitTest>
    <UnitTest name="Subscriber_With_TwoTopic_Register_Broker_ShouldHave_SubscriberAndTopics" storage="c:\projects\managed services\dev\general prepaid (gpp)\solutionfolder\amithirschpubsub\pubsubtests\bin\debug\pubsubtests.dll" id="ae07d948-53f4-3618-4fa4-1ddc8937fc75">
      <Execution id="b6725247-33de-4dfb-be51-32be121feb05" />
      <TestMethod codeBase="C:/Projects/Managed Services/Dev/General Prepaid (GPP)/SolutionFolder/AmitHirschPubSub/PubSubTests/bin/Debug/PubSubTests.DLL" adapterTypeName="Microsoft.VisualStudio.TestTools.TestTypes.Unit.UnitTestAdapter, Microsoft.VisualStudio.QualityTools.Tips.UnitTest.Adapter, Version=10.0.0.0, Culture=neutral, PublicKeyToken=b03f5f7f11d50a3a" className="PubSubTests.Tests, PubSubTests, Version=1.0.0.0, Culture=neutral, PublicKeyToken=null" name="Subscriber_With_TwoTopic_Register_Broker_ShouldHave_SubscriberAndTopics" />
    </UnitTest>
  </TestDefinitions>
  <TestLists>
    <TestList name="Results Not in a List" id="8c84fa94-04c1-424b-9868-57a2d4851a1d" />
    <TestList name="All Loaded Results" id="19431567-8539-422a-85d7-44ee4e166bda" />
  </TestLists>
  <TestEntries>
    <TestEntry testId="1ad78af0-a208-d85b-91d4-5185f5de6a02" executionId="497fde17-7775-4e39-980c-a1e4fe182101" testListId="8c84fa94-04c1-424b-9868-57a2d4851a1d" />
    <TestEntry testId="ae07d948-53f4-3618-4fa4-1ddc8937fc75" executionId="b6725247-33de-4dfb-be51-32be121feb05" testListId="8c84fa94-04c1-424b-9868-57a2d4851a1d" />
    <TestEntry testId="edff5d04-1905-e28a-33ad-4c1181ba85b0" executionId="7422ad40-b2ae-472d-8b6a-22871e2510b4" testListId="8c84fa94-04c1-424b-9868-57a2d4851a1d" />
    <TestEntry testId="f4ad328d-a741-f8e2-789a-34f6cb454100" executionId="dee31f50-8fba-4ffd-aacb-4f58a7f91e7f" testListId="8c84fa94-04c1-424b-9868-57a2d4851a1d" />
    <TestEntry testId="fe11d72b-cd01-6051-ec63-62f28a4cb101" executionId="b94e490f-3f4a-4543-872e-e8aa7f8c1d65" testListId="8c84fa94-04c1-424b-9868-57a2d4851a1d" />
  </TestEntries>
  <Results>
    <UnitTestResult executionId="497fde17-7775-4e39-980c-a1e4fe182101" testId="1ad78af0-a208-d85b-91d4-5185f5de6a02" testName="Test_Subscribers_ReadPublishMessages_OnlyOil" computerName="TLVAMITH2W7" duration="00:00:00.0223887" startTime="2013-04-10T20:46:20.0834666+03:00" endTime="2013-04-10T20:46:20.2894872+03:00" testType="13cdc9d9-ddb5-4fa4-a97d-d965ccfc6d4b" outcome="Passed" testListId="8c84fa94-04c1-424b-9868-57a2d4851a1d" relativeResultsDirectory="497fde17-7775-4e39-980c-a1e4fe182101">
      <Output>
        <DebugTrace>Subsbcriber 1 Was Registered to broker 0
Subsbcriber 2 Was Registered to broker 0
Subsbcriber 3 Was Registered to broker 0
</DebugTrace>
      </Output>
    </UnitTestResult>
    <UnitTestResult executionId="b6725247-33de-4dfb-be51-32be121feb05" testId="ae07d948-53f4-3618-4fa4-1ddc8937fc75" testName="Subscriber_With_TwoTopic_Register_Broker_ShouldHave_SubscriberAndTopics" computerName="TLVAMITH2W7" duration="00:00:00.0008753" startTime="2013-04-10T20:46:20.3104893+03:00" endTime="2013-04-10T20:46:20.3134896+03:00" testType="13cdc9d9-ddb5-4fa4-a97d-d965ccfc6d4b" outcome="Passed" testListId="8c84fa94-04c1-424b-9868-57a2d4851a1d" relativeResultsDirectory="b6725247-33de-4dfb-be51-32be121feb05">
      <Output>
        <DebugTrace>Subsbcriber 1 Was Registered to broker 0
Subsbcriber 1 Was Registered to broker 0
</DebugTrace>
      </Output>
    </UnitTestResult>
    <UnitTestResult executionId="7422ad40-b2ae-472d-8b6a-22871e2510b4" testId="edff5d04-1905-e28a-33ad-4c1181ba85b0" testName="Various_Subscribers_With_Topics_Register_Broker_ShouldHave_SubscribersAndTopics" computerName="TLVAMITH2W7" duration="00:00:00.0011584" startTime="2013-04-10T20:46:20.3154898+03:00" endTime="2013-04-10T20:46:20.3184901+03:00" testType="13cdc9d9-ddb5-4fa4-a97d-d965ccfc6d4b" outcome="Passed" testListId="8c84fa94-04c1-424b-9868-57a2d4851a1d" relativeResultsDirectory="7422ad40-b2ae-472d-8b6a-22871e2510b4">
      <Output>
        <DebugTrace>Subsbcriber 1 Was Registered to broker 0
Subsbcriber 1 Was Registered to broker 0
Subsbcriber 2 Was Registered to broker 0
Subsbcriber 2 Was Registered to broker 0
Subsbcriber 3 Was Registered to broker 0
Subsbcriber 3 Was Registered to broker 0
</DebugTrace>
      </Output>
    </UnitTestResult>
    <UnitTestResult executionId="dee31f50-8fba-4ffd-aacb-4f58a7f91e7f" testId="f4ad328d-a741-f8e2-789a-34f6cb454100" testName="Test_Subscribers_With_Topics_Register_Broker_ShouldHave_SubscribersAndTopics" computerName="TLVAMITH2W7" duration="00:00:00.0012103" startTime="2013-04-10T20:46:20.3194902+03:00" endTime="2013-04-10T20:46:20.3234906+03:00" testType="13cdc9d9-ddb5-4fa4-a97d-d965ccfc6d4b" outcome="Passed" testListId="8c84fa94-04c1-424b-9868-57a2d4851a1d" relativeResultsDirectory="dee31f50-8fba-4ffd-aacb-4f58a7f91e7f">
      <Output>
        <DebugTrace>Subsbcriber 1 Was Registered to broker 0
Subsbcriber 1 Was Registered to broker 0
Subsbcriber 2 Was Registered to broker 0
Subsbcriber 2 Was Registered to broker 0
Subsbcriber 3 Was Registered to broker 0
Subsbcriber 3 Was Registered to broker 0
</DebugTrace>
      </Output>
    </UnitTestResult>
    <UnitTestResult executionId="b94e490f-3f4a-4543-872e-e8aa7f8c1d65" testId="fe11d72b-cd01-6051-ec63-62f28a4cb101" testName="Subscriber_With_OneTopic_Register_Broker_ShouldHave_SubscriberAndTopic" computerName="TLVAMITH2W7" duration="00:00:00.0005078" startTime="2013-04-10T20:46:20.3244907+03:00" endTime="2013-04-10T20:46:20.3274910+03:00" testType="13cdc9d9-ddb5-4fa4-a97d-d965ccfc6d4b" outcome="Passed" testListId="8c84fa94-04c1-424b-9868-57a2d4851a1d" relativeResultsDirectory="b94e490f-3f4a-4543-872e-e8aa7f8c1d65">
      <Output>
        <DebugTrace>Subsbcriber 1 Was Registered to broker 0
</DebugTrace>
      </Output>
    </UnitTestResult>
  </Results>
</TestRun>